ExperimentID: 23916e676516bd6ff0202955ca0be426e7f8390a474a49ff20b84b91281dba2d
Input mode: generic
Corpus: /home/brigadire/devops/workdir/go/voinich/data_test/transformed/doyle__homophonic__h008__uniform__seed001.txt
Corpus SHA256: b22cd99a1f450bdad831fe3af004ff2825ed36490983b39337afe6fee7254983
Stage: structural-normalize
Working directory: experiments/doyle__homophonic__h008__uniform__seed001/workspace
Inputs:
  workdir/begin_end_candidates.yaml
  workdir/begin_end_report.md
  workdir/begin_end_top.tsv
  workdir/dataset/dictionary.yaml
  workdir/dataset/structural_analysis.yaml
  workdir/dataset/tokens_analysis.yaml
  workdir/sequence_analysis.yaml
Outputs:
  registered in artifacts.json after completion

Normalized corpus written to workdir/normalized_070.txt
Normalized corpus written to workdir/normalized_075.txt
Normalized corpus written to workdir/normalized_080.txt
Normalized corpus written to workdir/normalized_085.txt
Normalized corpus written to workdir/normalized_090.txt
Class map written to workdir/structural_classes.yaml
elapsed runtime: 1.889s
