ExperimentID: 23916e676516bd6ff0202955ca0be426e7f8390a474a49ff20b84b91281dba2d
Input mode: generic
Corpus: /home/brigadire/devops/workdir/go/voinich/data_test/transformed/doyle__homophonic__h008__uniform__seed001.txt
Corpus SHA256: b22cd99a1f450bdad831fe3af004ff2825ed36490983b39337afe6fee7254983
Stage: structural-profile-stability
Working directory: experiments/doyle__homophonic__h008__uniform__seed001/workspace
Inputs:
  workdir/begin_end_candidates.yaml
  workdir/begin_end_report.md
  workdir/begin_end_top.tsv
  workdir/dataset/dictionary.yaml
  workdir/dataset/structural_analysis.yaml
  workdir/dataset/tokens_analysis.yaml
  workdir/normalization_comparison.yaml
  workdir/normalized_070.txt
  workdir/normalized_075.txt
  workdir/normalized_080.txt
  workdir/normalized_085.txt
  workdir/normalized_090.txt
  workdir/sequence_analysis.yaml
  workdir/sequence_analysis_070.yaml
  workdir/sequence_analysis_075.yaml
  workdir/sequence_analysis_080.yaml
  workdir/sequence_analysis_085.yaml
  workdir/sequence_analysis_090.yaml
  workdir/structural_classes.yaml
  workdir/structural_validation.yaml
Outputs:
  registered in artifacts.json after completion

profiles fold 1/5: TRAIN eligible=554 TEST eligible=135
profiles fold 2/5: TRAIN eligible=553 TEST eligible=134
profiles fold 3/5: TRAIN eligible=559 TEST eligible=143
profiles fold 4/5: TRAIN eligible=559 TEST eligible=138
profiles fold 5/5: TRAIN eligible=539 TEST eligible=137
bootstrap 25/200
bootstrap 50/200
bootstrap 75/200
bootstrap 100/200
bootstrap 125/200
bootstrap 150/200
bootstrap 175/200
bootstrap 200/200
Profile stability written to workdir/structural_profile_stability.yaml
elapsed runtime: 39.64s
