ExperimentID: 23916e676516bd6ff0202955ca0be426e7f8390a474a49ff20b84b91281dba2d
Input mode: generic
Corpus: /home/brigadire/devops/workdir/go/voinich/data_test/transformed/doyle__homophonic__h008__uniform__seed001.txt
Corpus SHA256: b22cd99a1f450bdad831fe3af004ff2825ed36490983b39337afe6fee7254983
Stage: structural-graphemic
Working directory: experiments/doyle__homophonic__h008__uniform__seed001/workspace
Inputs:
  workdir/begin_end_candidates.yaml
  workdir/begin_end_report.md
  workdir/begin_end_top.tsv
  workdir/dataset/dictionary.yaml
  workdir/dataset/structural_analysis.yaml
  workdir/dataset/tokens_analysis.yaml
  workdir/normalization_comparison.yaml
  workdir/normalized_070.txt
  workdir/normalized_075.txt
  workdir/normalized_080.txt
  workdir/normalized_085.txt
  workdir/normalized_090.txt
  workdir/sequence_analysis.yaml
  workdir/sequence_analysis_070.yaml
  workdir/sequence_analysis_075.yaml
  workdir/sequence_analysis_080.yaml
  workdir/sequence_analysis_085.yaml
  workdir/sequence_analysis_090.yaml
  workdir/soft_structural_pairs.tsv
  workdir/soft_structural_space.yaml
  workdir/structural_classes.yaml
  workdir/structural_profile_stability.yaml
  workdir/structural_reliability.yaml
  workdir/structural_validation.yaml
Outputs:
  registered in artifacts.json after completion

Analyzed 664 tokens and 220116 pairs; reports written to workdir
