ExperimentID: 23916e676516bd6ff0202955ca0be426e7f8390a474a49ff20b84b91281dba2d
Input mode: generic
Corpus: /home/brigadire/devops/workdir/go/voinich/data_test/transformed/doyle__homophonic__h008__uniform__seed001.txt
Corpus SHA256: b22cd99a1f450bdad831fe3af004ff2825ed36490983b39337afe6fee7254983
Stage: structural-projection-analyze
Working directory: experiments/doyle__homophonic__h008__uniform__seed001/workspace
Inputs:
  workdir/begin_end_candidates.yaml
  workdir/begin_end_report.md
  workdir/begin_end_top.tsv
  workdir/block_shuffle_results.yaml
  workdir/dataset/dictionary.yaml
  workdir/dataset/structural_analysis.yaml
  workdir/dataset/tokens_analysis.yaml
  workdir/distance_context_controls.tsv
  workdir/distance_context_pairs.yaml
  workdir/distance_context_report.md
  workdir/distance_context_top.tsv
  workdir/family_decomposition.yaml
  workdir/family_distance_profiles.yaml
  workdir/graphemic_structural_families.yaml
  workdir/local_regime_changes.yaml
  workdir/local_regime_controls.tsv
  workdir/local_regime_pairs.yaml
  workdir/local_regime_report.md
  workdir/local_regime_top.tsv
  workdir/local_regime_windows.tsv
  workdir/normalization_comparison.yaml
  workdir/normalized_070.txt
  workdir/normalized_075.txt
  workdir/normalized_080.txt
  workdir/normalized_085.txt
  workdir/normalized_090.txt
  workdir/occurrence_regime_profiles.yaml
  workdir/pair_controls.tsv
  workdir/pair_decomposition.yaml
  workdir/pair_decomposition_top.tsv
  workdir/plots/nonstationarity_window_js.svg
  workdir/plots/window_similarity_by_distance.svg
  workdir/property_trajectory_controls.tsv
  workdir/property_trajectory_pairs.yaml
  workdir/property_trajectory_properties.tsv
  workdir/property_trajectory_report.md
  workdir/property_trajectory_top.tsv
  workdir/sequence_analysis.yaml
  workdir/sequence_analysis_070.yaml
  workdir/sequence_analysis_075.yaml
  workdir/sequence_analysis_080.yaml
  workdir/sequence_analysis_085.yaml
  workdir/sequence_analysis_090.yaml
  workdir/sequence_context_pairs.yaml
  workdir/soft_structural_pairs.tsv
  workdir/soft_structural_space.yaml
  workdir/structural_classes.yaml
  workdir/structural_distant_families.yaml
  workdir/structural_distant_top.tsv
  workdir/structural_graphemic_close_top.tsv
  workdir/structural_graphemic_pairs.tsv
  workdir/structural_graphemic_report.md
  workdir/structural_pair_report.md
  workdir/structural_profile_stability.yaml
  workdir/structural_reliability.yaml
  workdir/structural_validation.yaml
  workdir/structural_vs_graphemic.svg
  workdir/token_regime_profiles.yaml
Outputs:
  registered in artifacts.json after completion

2026/08/21 14:45:39 http: TLS handshake error from 65.109.54.176:51544: EOF
2026/08/21 14:45:41 http: TLS handshake error from 65.21.182.152:56456: EOF
2026/08/21 14:45:41 http: TLS handshake error from 65.109.80.133:58964: EOF
2026/08/21 14:45:41 http: TLS handshake error from 37.27.107.186:40050: EOF
2026/08/21 14:45:41 http: TLS handshake error from 65.109.155.254:54478: EOF
2026/08/21 14:45:41 http: TLS handshake error from 37.27.108.47:38494: EOF
2026/08/21 14:45:41 http: TLS handshake error from 95.216.37.216:50864: EOF
2026/08/21 14:45:41 http: TLS handshake error from 65.109.17.126:45364: EOF
2026/08/21 14:45:41 http: TLS handshake error from 135.181.213.251:44060: EOF
2026/08/21 14:45:41 http: TLS handshake error from 65.109.144.229:34358: EOF
Structural projection analyzed 0 pairs; results written to workdir
elapsed runtime: 29m47.794s
