ExperimentID: 387856caaafe22bcfcd4735aed58b01f26d782ea5f9bba9b2c571220c8c33bc9
Input mode: generic
Corpus: /home/brigadire/devops/workdir/go/voinich/data_test/transformed/doyle__homophonic__h002__uniform__seed001.txt
Corpus SHA256: d0aeb9696c8524fe29e6cccf27367ce3c117cdc96b76d0493850828b1931ee1d
Stage: structural-normalize
Working directory: experiments/doyle__homophonic__h002__uniform__seed001-v1/workspace
Inputs:
  workdir/begin_end_candidates.yaml
  workdir/begin_end_report.md
  workdir/begin_end_top.tsv
  workdir/dataset/dictionary.yaml
  workdir/dataset/structural_analysis.yaml
  workdir/dataset/tokens_analysis.yaml
  workdir/sequence_analysis.yaml
Outputs:
  registered in artifacts.json after completion

Normalized corpus written to workdir/normalized_070.txt
Normalized corpus written to workdir/normalized_075.txt
Normalized corpus written to workdir/normalized_080.txt
Normalized corpus written to workdir/normalized_085.txt
Normalized corpus written to workdir/normalized_090.txt
Class map written to workdir/structural_classes.yaml
elapsed runtime: 1.075s
