ExperimentID: 387856caaafe22bcfcd4735aed58b01f26d782ea5f9bba9b2c571220c8c33bc9
Input mode: generic
Corpus: /home/brigadire/devops/workdir/go/voinich/data_test/transformed/doyle__homophonic__h002__uniform__seed001.txt
Corpus SHA256: d0aeb9696c8524fe29e6cccf27367ce3c117cdc96b76d0493850828b1931ee1d
Stage: structural-pair-decompose
Working directory: experiments/doyle__homophonic__h002__uniform__seed001-v1/workspace
Inputs:
  workdir/begin_end_candidates.yaml
  workdir/begin_end_report.md
  workdir/begin_end_top.tsv
  workdir/dataset/dictionary.yaml
  workdir/dataset/structural_analysis.yaml
  workdir/dataset/tokens_analysis.yaml
  workdir/graphemic_structural_families.yaml
  workdir/normalization_comparison.yaml
  workdir/normalized_070.txt
  workdir/normalized_075.txt
  workdir/normalized_080.txt
  workdir/normalized_085.txt
  workdir/normalized_090.txt
  workdir/sequence_analysis.yaml
  workdir/sequence_analysis_070.yaml
  workdir/sequence_analysis_075.yaml
  workdir/sequence_analysis_080.yaml
  workdir/sequence_analysis_085.yaml
  workdir/sequence_analysis_090.yaml
  workdir/soft_structural_pairs.tsv
  workdir/soft_structural_space.yaml
  workdir/structural_classes.yaml
  workdir/structural_distant_families.yaml
  workdir/structural_distant_top.tsv
  workdir/structural_graphemic_close_top.tsv
  workdir/structural_graphemic_pairs.tsv
  workdir/structural_graphemic_report.md
  workdir/structural_profile_stability.yaml
  workdir/structural_reliability.yaml
  workdir/structural_validation.yaml
  workdir/structural_vs_graphemic.svg
Outputs:
  registered in artifacts.json after completion

Decomposed 26 pairs and 6 families into workdir
