ExperimentID: 387856caaafe22bcfcd4735aed58b01f26d782ea5f9bba9b2c571220c8c33bc9
Input mode: generic
Corpus: /home/brigadire/devops/workdir/go/voinich/data_test/transformed/doyle__homophonic__h002__uniform__seed001.txt
Corpus SHA256: d0aeb9696c8524fe29e6cccf27367ce3c117cdc96b76d0493850828b1931ee1d
Stage: distance-context-analyze
Working directory: experiments/doyle__homophonic__h002__uniform__seed001-v1/workspace
Inputs:
  workdir/begin_end_candidates.yaml
  workdir/begin_end_report.md
  workdir/begin_end_top.tsv
  workdir/dataset/dictionary.yaml
  workdir/dataset/structural_analysis.yaml
  workdir/dataset/tokens_analysis.yaml
  workdir/family_decomposition.yaml
  workdir/graphemic_structural_families.yaml
  workdir/normalization_comparison.yaml
  workdir/normalized_070.txt
  workdir/normalized_075.txt
  workdir/normalized_080.txt
  workdir/normalized_085.txt
  workdir/normalized_090.txt
  workdir/pair_controls.tsv
  workdir/pair_decomposition.yaml
  workdir/pair_decomposition_top.tsv
  workdir/plots/family_1.svg
  workdir/plots/family_2.svg
  workdir/plots/family_3.svg
  workdir/plots/family_4.svg
  workdir/plots/family_5.svg
  workdir/plots/family_6.svg
  workdir/plots/pair_x003821_x010055.svg
  workdir/plots/pair_x004624_x010315.svg
  workdir/plots/pair_x004625_x010314.svg
  workdir/plots/pair_x004718_x010054.svg
  workdir/plots/pair_x004718_x010055.svg
  workdir/plots/pair_x004718_x010526.svg
  workdir/plots/pair_x004719_x010526.svg
  workdir/plots/pair_x004719_x010527.svg
  workdir/plots/pair_x004929_x010054.svg
  workdir/plots/pair_x004984_x010279.svg
  workdir/plots/pair_x004985_x010279.svg
  workdir/plots/pair_x005730_x010485.svg
  workdir/plots/pair_x005730_x010617.svg
  workdir/plots/pair_x005731_x010617.svg
  workdir/plots/pair_x005842_x010617.svg
  workdir/plots/pair_x005843_x010616.svg
  workdir/plots/pair_x005843_x010617.svg
  workdir/plots/pair_x006050_x010484.svg
  workdir/plots/pair_x006348_x010055.svg
  workdir/plots/pair_x006383_x010054.svg
  workdir/plots/pair_x006383_x010055.svg
  workdir/plots/pair_x008248_x010617.svg
  workdir/plots/pair_x008352_x010617.svg
  workdir/plots/pair_x008353_x010617.svg
  workdir/plots/pair_x009496_x010315.svg
  workdir/plots/pair_x009497_x010315.svg
  workdir/sequence_analysis.yaml
  workdir/sequence_analysis_070.yaml
  workdir/sequence_analysis_075.yaml
  workdir/sequence_analysis_080.yaml
  workdir/sequence_analysis_085.yaml
  workdir/sequence_analysis_090.yaml
  workdir/soft_structural_pairs.tsv
  workdir/soft_structural_space.yaml
  workdir/structural_classes.yaml
  workdir/structural_distant_families.yaml
  workdir/structural_distant_top.tsv
  workdir/structural_graphemic_close_top.tsv
  workdir/structural_graphemic_pairs.tsv
  workdir/structural_graphemic_report.md
  workdir/structural_pair_report.md
  workdir/structural_profile_stability.yaml
  workdir/structural_reliability.yaml
  workdir/structural_validation.yaml
  workdir/structural_vs_graphemic.svg
Outputs:
  registered in artifacts.json after completion

Analyzed 43713 corpus tokens and 26 target pairs; reports written to workdir
