ExperimentID: 387856caaafe22bcfcd4735aed58b01f26d782ea5f9bba9b2c571220c8c33bc9
Input mode: generic
Corpus: /home/brigadire/devops/workdir/go/voinich/data_test/transformed/doyle__homophonic__h002__uniform__seed001.txt
Corpus SHA256: d0aeb9696c8524fe29e6cccf27367ce3c117cdc96b76d0493850828b1931ee1d
Stage: property-trajectory-analyze
Working directory: experiments/doyle__homophonic__h002__uniform__seed001-v1/workspace
Inputs:
  workdir/begin_end_candidates.yaml
  workdir/begin_end_report.md
  workdir/begin_end_top.tsv
  workdir/block_shuffle_results.yaml
  workdir/dataset/dictionary.yaml
  workdir/dataset/structural_analysis.yaml
  workdir/dataset/tokens_analysis.yaml
  workdir/distance_context_controls.tsv
  workdir/distance_context_pairs.yaml
  workdir/distance_context_report.md
  workdir/distance_context_top.tsv
  workdir/family_decomposition.yaml
  workdir/family_distance_profiles.yaml
  workdir/graphemic_structural_families.yaml
  workdir/local_regime_changes.yaml
  workdir/local_regime_controls.tsv
  workdir/local_regime_pairs.yaml
  workdir/local_regime_report.md
  workdir/local_regime_top.tsv
  workdir/local_regime_windows.tsv
  workdir/normalization_comparison.yaml
  workdir/normalized_070.txt
  workdir/normalized_075.txt
  workdir/normalized_080.txt
  workdir/normalized_085.txt
  workdir/normalized_090.txt
  workdir/occurrence_regime_profiles.yaml
  workdir/pair_controls.tsv
  workdir/pair_decomposition.yaml
  workdir/pair_decomposition_top.tsv
  workdir/plots/family_1.svg
  workdir/plots/family_1_cohesion.svg
  workdir/plots/family_2.svg
  workdir/plots/family_2_cohesion.svg
  workdir/plots/family_3.svg
  workdir/plots/family_3_cohesion.svg
  workdir/plots/family_4.svg
  workdir/plots/family_4_cohesion.svg
  workdir/plots/family_5.svg
  workdir/plots/family_5_cohesion.svg
  workdir/plots/family_6.svg
  workdir/plots/family_6_cohesion.svg
  workdir/plots/nonstationarity_window_js.svg
  workdir/plots/pair_x003821_x010055.svg
  workdir/plots/pair_x004624_x010315.svg
  workdir/plots/pair_x004625_x010314.svg
  workdir/plots/pair_x004718_x010054.svg
  workdir/plots/pair_x004718_x010055.svg
  workdir/plots/pair_x004718_x010526.svg
  workdir/plots/pair_x004719_x010526.svg
  workdir/plots/pair_x004719_x010527.svg
  workdir/plots/pair_x004929_x010054.svg
  workdir/plots/pair_x004984_x010279.svg
  workdir/plots/pair_x004985_x010279.svg
  workdir/plots/pair_x005730_x010485.svg
  workdir/plots/pair_x005730_x010617.svg
  workdir/plots/pair_x005731_x010617.svg
  workdir/plots/pair_x005842_x010617.svg
  workdir/plots/pair_x005843_x010616.svg
  workdir/plots/pair_x005843_x010617.svg
  workdir/plots/pair_x006050_x010484.svg
  workdir/plots/pair_x006348_x010055.svg
  workdir/plots/pair_x006383_x010054.svg
  workdir/plots/pair_x006383_x010055.svg
  workdir/plots/pair_x008248_x010617.svg
  workdir/plots/pair_x008352_x010617.svg
  workdir/plots/pair_x008353_x010617.svg
  workdir/plots/pair_x009496_x010315.svg
  workdir/plots/pair_x009497_x010315.svg
  workdir/plots/window_similarity_by_distance.svg
  workdir/plots/x003821_x010055_context_decay.svg
  workdir/plots/x004624_x010315_context_decay.svg
  workdir/plots/x004625_x010314_context_decay.svg
  workdir/plots/x004718_x010054_context_decay.svg
  workdir/plots/x004718_x010055_context_decay.svg
  workdir/plots/x004718_x010526_context_decay.svg
  workdir/plots/x004719_x010526_context_decay.svg
  workdir/plots/x004719_x010527_context_decay.svg
  workdir/plots/x004929_x010054_context_decay.svg
  workdir/plots/x004984_x010279_context_decay.svg
  workdir/plots/x004985_x010279_context_decay.svg
  workdir/plots/x005730_x010485_context_decay.svg
  workdir/plots/x005730_x010617_context_decay.svg
  workdir/plots/x005731_x010617_context_decay.svg
  workdir/plots/x005842_x010617_context_decay.svg
  workdir/plots/x005843_x010616_context_decay.svg
  workdir/plots/x005843_x010617_context_decay.svg
  workdir/plots/x006050_x010484_context_decay.svg
  workdir/plots/x006348_x010055_context_decay.svg
  workdir/plots/x006383_x010054_context_decay.svg
  workdir/plots/x006383_x010055_context_decay.svg
  workdir/plots/x008248_x010617_context_decay.svg
  workdir/plots/x008352_x010617_context_decay.svg
  workdir/plots/x008353_x010617_context_decay.svg
  workdir/plots/x009496_x010315_context_decay.svg
  workdir/plots/x009497_x010315_context_decay.svg
  workdir/sequence_analysis.yaml
  workdir/sequence_analysis_070.yaml
  workdir/sequence_analysis_075.yaml
  workdir/sequence_analysis_080.yaml
  workdir/sequence_analysis_085.yaml
  workdir/sequence_analysis_090.yaml
  workdir/sequence_context_pairs.yaml
  workdir/soft_structural_pairs.tsv
  workdir/soft_structural_space.yaml
  workdir/structural_classes.yaml
  workdir/structural_distant_families.yaml
  workdir/structural_distant_top.tsv
  workdir/structural_graphemic_close_top.tsv
  workdir/structural_graphemic_pairs.tsv
  workdir/structural_graphemic_report.md
  workdir/structural_pair_report.md
  workdir/structural_profile_stability.yaml
  workdir/structural_reliability.yaml
  workdir/structural_validation.yaml
  workdir/structural_vs_graphemic.svg
  workdir/token_regime_profiles.yaml
Outputs:
  registered in artifacts.json after completion

Property trajectories analyzed for 26 pairs; results written to workdir
elapsed runtime: 11.183s
