ExperimentID: 700de2314a9ec2906c0ab4706f6e7188dd0490acdd316963ad98f484fa4122d5
Input mode: generic
Corpus: /home/brigadire/devops/workdir/go/voinich/data_test/transformed/doyle__homophonic__h006__weighted__seed001.txt
Corpus SHA256: cdf533ee521a4e8ebb2dc64c3b862c33fc35de8452456a3e2daf58e5232a383c
Stage: structural-normalize
Working directory: experiments/doyle__homophonic__h006__weighted__seed001.txt/workspace
Inputs:
  workdir/begin_end_candidates.yaml
  workdir/begin_end_report.md
  workdir/begin_end_top.tsv
  workdir/dataset/dictionary.yaml
  workdir/dataset/structural_analysis.yaml
  workdir/dataset/tokens_analysis.yaml
  workdir/sequence_analysis.yaml
Outputs:
  registered in artifacts.json after completion

Normalized corpus written to workdir/normalized_070.txt
Normalized corpus written to workdir/normalized_075.txt
Normalized corpus written to workdir/normalized_080.txt
Normalized corpus written to workdir/normalized_085.txt
Normalized corpus written to workdir/normalized_090.txt
Class map written to workdir/structural_classes.yaml
elapsed runtime: 1.668s
