ExperimentID: 700de2314a9ec2906c0ab4706f6e7188dd0490acdd316963ad98f484fa4122d5
Input mode: generic
Corpus: /home/brigadire/devops/workdir/go/voinich/data_test/transformed/doyle__homophonic__h006__weighted__seed001.txt
Corpus SHA256: cdf533ee521a4e8ebb2dc64c3b862c33fc35de8452456a3e2daf58e5232a383c
Stage: structural-profile-stability
Working directory: experiments/doyle__homophonic__h006__weighted__seed001.txt/workspace
Inputs:
  workdir/begin_end_candidates.yaml
  workdir/begin_end_report.md
  workdir/begin_end_top.tsv
  workdir/dataset/dictionary.yaml
  workdir/dataset/structural_analysis.yaml
  workdir/dataset/tokens_analysis.yaml
  workdir/normalization_comparison.yaml
  workdir/normalized_070.txt
  workdir/normalized_075.txt
  workdir/normalized_080.txt
  workdir/normalized_085.txt
  workdir/normalized_090.txt
  workdir/sequence_analysis.yaml
  workdir/sequence_analysis_070.yaml
  workdir/sequence_analysis_075.yaml
  workdir/sequence_analysis_080.yaml
  workdir/sequence_analysis_085.yaml
  workdir/sequence_analysis_090.yaml
  workdir/structural_classes.yaml
  workdir/structural_validation.yaml
Outputs:
  registered in artifacts.json after completion

profiles fold 1/5: TRAIN eligible=526 TEST eligible=138
profiles fold 2/5: TRAIN eligible=514 TEST eligible=132
profiles fold 3/5: TRAIN eligible=519 TEST eligible=137
profiles fold 4/5: TRAIN eligible=532 TEST eligible=141
profiles fold 5/5: TRAIN eligible=522 TEST eligible=132
bootstrap 25/200
bootstrap 50/200
bootstrap 75/200
bootstrap 100/200
bootstrap 125/200
bootstrap 150/200
bootstrap 175/200
bootstrap 200/200
Profile stability written to workdir/structural_profile_stability.yaml
elapsed runtime: 36.053s
