ExperimentID: 700de2314a9ec2906c0ab4706f6e7188dd0490acdd316963ad98f484fa4122d5
Input mode: generic
Corpus: /home/brigadire/devops/workdir/go/voinich/data_test/transformed/doyle__homophonic__h006__weighted__seed001.txt
Corpus SHA256: cdf533ee521a4e8ebb2dc64c3b862c33fc35de8452456a3e2daf58e5232a383c
Stage: global-regime-analyze
Working directory: experiments/doyle__homophonic__h006__weighted__seed001.txt/workspace
Inputs:
  workdir/begin_end_candidates.yaml
  workdir/begin_end_report.md
  workdir/begin_end_top.tsv
  workdir/block_shuffle_results.yaml
  workdir/dataset/dictionary.yaml
  workdir/dataset/structural_analysis.yaml
  workdir/dataset/tokens_analysis.yaml
  workdir/distance_context_controls.tsv
  workdir/distance_context_pairs.yaml
  workdir/distance_context_report.md
  workdir/distance_context_top.tsv
  workdir/family_decomposition.yaml
  workdir/family_distance_profiles.yaml
  workdir/graphemic_structural_families.yaml
  workdir/local_regime_changes.yaml
  workdir/local_regime_controls.tsv
  workdir/local_regime_pairs.yaml
  workdir/local_regime_report.md
  workdir/local_regime_top.tsv
  workdir/local_regime_windows.tsv
  workdir/normalization_comparison.yaml
  workdir/normalized_070.txt
  workdir/normalized_075.txt
  workdir/normalized_080.txt
  workdir/normalized_085.txt
  workdir/normalized_090.txt
  workdir/occurrence_regime_profiles.yaml
  workdir/pair_controls.tsv
  workdir/pair_decomposition.yaml
  workdir/pair_decomposition_top.tsv
  workdir/plots/family_1.svg
  workdir/plots/family_1_cohesion.svg
  workdir/plots/nonstationarity_window_js.svg
  workdir/plots/pair_x014952_x030834.svg
  workdir/plots/window_similarity_by_distance.svg
  workdir/plots/x014952_x030834_context_decay.svg
  workdir/projected_sequence_context.yaml
  workdir/property_trajectory_controls.tsv
  workdir/property_trajectory_pairs.yaml
  workdir/property_trajectory_properties.tsv
  workdir/property_trajectory_report.md
  workdir/property_trajectory_top.tsv
  workdir/sequence_analysis.yaml
  workdir/sequence_analysis_070.yaml
  workdir/sequence_analysis_075.yaml
  workdir/sequence_analysis_080.yaml
  workdir/sequence_analysis_085.yaml
  workdir/sequence_analysis_090.yaml
  workdir/sequence_context_pairs.yaml
  workdir/soft_structural_pairs.tsv
  workdir/soft_structural_space.yaml
  workdir/structural_classes.yaml
  workdir/structural_distant_families.yaml
  workdir/structural_distant_top.tsv
  workdir/structural_graphemic_close_top.tsv
  workdir/structural_graphemic_pairs.tsv
  workdir/structural_graphemic_report.md
  workdir/structural_pair_report.md
  workdir/structural_profile_stability.yaml
  workdir/structural_projection_controls.tsv
  workdir/structural_projection_families.yaml
  workdir/structural_projection_pairs.yaml
  workdir/structural_projection_report.md
  workdir/structural_projection_top.tsv
  workdir/structural_reliability.yaml
  workdir/structural_validation.yaml
  workdir/structural_vs_graphemic.svg
  workdir/token_regime_profiles.yaml
Outputs:
  registered in artifacts.json after completion

Global distributional regime analysis completed at 5 scales; results written to workdir
