ExperimentID: 3ea8c9892aac16dbcd8ecfe12c2788f1cbea9fb616d2ce1fb72080817455d7ee
Input mode: generic
Corpus: /home/brigadire/devops/workdir/go/voinich/data_test/transformed/doyle__homophonic__h008__weighted__seed001.txt
Corpus SHA256: d3b3b297e1bf7f7cdd59ffbc2fd38c440eeac461b8db59bbcdd373f211d05057
Stage: structural-normalize
Working directory: experiments/doyle__homophonic__h008__weighted__seed001.txt/workspace
Inputs:
  workdir/begin_end_candidates.yaml
  workdir/begin_end_report.md
  workdir/begin_end_top.tsv
  workdir/dataset/dictionary.yaml
  workdir/dataset/structural_analysis.yaml
  workdir/dataset/tokens_analysis.yaml
  workdir/sequence_analysis.yaml
Outputs:
  registered in artifacts.json after completion

Normalized corpus written to workdir/normalized_070.txt
Normalized corpus written to workdir/normalized_075.txt
Normalized corpus written to workdir/normalized_080.txt
Normalized corpus written to workdir/normalized_085.txt
Normalized corpus written to workdir/normalized_090.txt
Class map written to workdir/structural_classes.yaml
elapsed runtime: 2.038s
