ExperimentID: 3ea8c9892aac16dbcd8ecfe12c2788f1cbea9fb616d2ce1fb72080817455d7ee
Input mode: generic
Corpus: /home/brigadire/devops/workdir/go/voinich/data_test/transformed/doyle__homophonic__h008__weighted__seed001.txt
Corpus SHA256: d3b3b297e1bf7f7cdd59ffbc2fd38c440eeac461b8db59bbcdd373f211d05057
Stage: structural-reliability
Working directory: experiments/doyle__homophonic__h008__weighted__seed001.txt/workspace
Inputs:
  workdir/begin_end_candidates.yaml
  workdir/begin_end_report.md
  workdir/begin_end_top.tsv
  workdir/dataset/dictionary.yaml
  workdir/dataset/structural_analysis.yaml
  workdir/dataset/tokens_analysis.yaml
  workdir/normalization_comparison.yaml
  workdir/normalized_070.txt
  workdir/normalized_075.txt
  workdir/normalized_080.txt
  workdir/normalized_085.txt
  workdir/normalized_090.txt
  workdir/sequence_analysis.yaml
  workdir/sequence_analysis_070.yaml
  workdir/sequence_analysis_075.yaml
  workdir/sequence_analysis_080.yaml
  workdir/sequence_analysis_085.yaml
  workdir/sequence_analysis_090.yaml
  workdir/structural_classes.yaml
  workdir/structural_profile_stability.yaml
  workdir/structural_validation.yaml
Outputs:
  registered in artifacts.json after completion

loaded corpus: lines=4462 occurrences=43713 unique_tokens=11776
token stability min_count=10 eligible=660
token stability min_count=20 eligible=326
token stability min_count=40 eligible=154
token stability min_count=80 eligible=66
token stability min_count=160 eligible=26
token stability min_count=320 eligible=4
structural-reliability bootstrap 25/200
structural-reliability bootstrap 50/200
structural-reliability bootstrap 75/200
structural-reliability bootstrap 100/200
structural-reliability bootstrap 125/200
structural-reliability bootstrap 150/200
structural-reliability bootstrap 175/200
structural-reliability bootstrap 200/200
master candidate pairs=5637 bootstrap runs=200
Structural reliability written to workdir/structural_reliability.yaml
elapsed runtime: 27.465s
