ExperimentID: 3ea8c9892aac16dbcd8ecfe12c2788f1cbea9fb616d2ce1fb72080817455d7ee
Input mode: generic
Corpus: /home/brigadire/devops/workdir/go/voinich/data_test/transformed/doyle__homophonic__h008__weighted__seed001.txt
Corpus SHA256: d3b3b297e1bf7f7cdd59ffbc2fd38c440eeac461b8db59bbcdd373f211d05057
Stage: soft-structural-space
Working directory: experiments/doyle__homophonic__h008__weighted__seed001.txt/workspace
Inputs:
  workdir/begin_end_candidates.yaml
  workdir/begin_end_report.md
  workdir/begin_end_top.tsv
  workdir/dataset/dictionary.yaml
  workdir/dataset/structural_analysis.yaml
  workdir/dataset/tokens_analysis.yaml
  workdir/normalization_comparison.yaml
  workdir/normalized_070.txt
  workdir/normalized_075.txt
  workdir/normalized_080.txt
  workdir/normalized_085.txt
  workdir/normalized_090.txt
  workdir/sequence_analysis.yaml
  workdir/sequence_analysis_070.yaml
  workdir/sequence_analysis_075.yaml
  workdir/sequence_analysis_080.yaml
  workdir/sequence_analysis_085.yaml
  workdir/sequence_analysis_090.yaml
  workdir/structural_classes.yaml
  workdir/structural_profile_stability.yaml
  workdir/structural_reliability.yaml
  workdir/structural_validation.yaml
Outputs:
  registered in artifacts.json after completion

YAML written to workdir/soft_structural_space.yaml; 217470 pairs written to workdir/soft_structural_pairs.tsv
