ExperimentID: 024758fa7ef6ebd8d0380a2c7742e00bd0394c46004a5b3370253d86652855b3
Input mode: generic
Corpus: /home/brigadire/devops/workdir/go/voinich/data_test/transformed/doyle__homophonic__h004__uniform__seed001.txt
Corpus SHA256: d44a2dabd08cf969d23a2ec4e91f719eb9da85f49f966184f31aa40f745dead9
Stage: structural-profile-stability
Working directory: experiments/doyle__homophonic__h004__uniform__seed001-v1/workspace
Inputs:
  workdir/begin_end_candidates.yaml
  workdir/begin_end_report.md
  workdir/begin_end_top.tsv
  workdir/dataset/dictionary.yaml
  workdir/dataset/structural_analysis.yaml
  workdir/dataset/tokens_analysis.yaml
  workdir/normalization_comparison.yaml
  workdir/normalized_070.txt
  workdir/normalized_075.txt
  workdir/normalized_080.txt
  workdir/normalized_085.txt
  workdir/normalized_090.txt
  workdir/sequence_analysis.yaml
  workdir/sequence_analysis_070.yaml
  workdir/sequence_analysis_075.yaml
  workdir/sequence_analysis_080.yaml
  workdir/sequence_analysis_085.yaml
  workdir/sequence_analysis_090.yaml
  workdir/structural_classes.yaml
  workdir/structural_validation.yaml
Outputs:
  registered in artifacts.json after completion

profiles fold 1/5: TRAIN eligible=518 TEST eligible=132
profiles fold 2/5: TRAIN eligible=505 TEST eligible=142
profiles fold 3/5: TRAIN eligible=508 TEST eligible=133
profiles fold 4/5: TRAIN eligible=517 TEST eligible=133
profiles fold 5/5: TRAIN eligible=515 TEST eligible=147
bootstrap 25/200
bootstrap 50/200
bootstrap 75/200
bootstrap 100/200
bootstrap 125/200
bootstrap 150/200
bootstrap 175/200
bootstrap 200/200
Profile stability written to workdir/structural_profile_stability.yaml
elapsed runtime: 34.834s
