ExperimentID: 024758fa7ef6ebd8d0380a2c7742e00bd0394c46004a5b3370253d86652855b3
Input mode: generic
Corpus: /home/brigadire/devops/workdir/go/voinich/data_test/transformed/doyle__homophonic__h004__uniform__seed001.txt
Corpus SHA256: d44a2dabd08cf969d23a2ec4e91f719eb9da85f49f966184f31aa40f745dead9
Stage: soft-structural-space
Working directory: experiments/doyle__homophonic__h004__uniform__seed001-v1/workspace
Inputs:
  workdir/begin_end_candidates.yaml
  workdir/begin_end_report.md
  workdir/begin_end_top.tsv
  workdir/dataset/dictionary.yaml
  workdir/dataset/structural_analysis.yaml
  workdir/dataset/tokens_analysis.yaml
  workdir/normalization_comparison.yaml
  workdir/normalized_070.txt
  workdir/normalized_075.txt
  workdir/normalized_080.txt
  workdir/normalized_085.txt
  workdir/normalized_090.txt
  workdir/sequence_analysis.yaml
  workdir/sequence_analysis_070.yaml
  workdir/sequence_analysis_075.yaml
  workdir/sequence_analysis_080.yaml
  workdir/sequence_analysis_085.yaml
  workdir/sequence_analysis_090.yaml
  workdir/structural_classes.yaml
  workdir/structural_profile_stability.yaml
  workdir/structural_reliability.yaml
  workdir/structural_validation.yaml
Outputs:
  registered in artifacts.json after completion

YAML written to workdir/soft_structural_space.yaml; 198135 pairs written to workdir/soft_structural_pairs.tsv
