ExperimentID: b5e74ffd7c57584a2b1d1a0c90c997d401582c2aa6869e58260dc3dd30dca268
Input mode: generic
Corpus: /home/brigadire/devops/workdir/go/voinich/data_test/transformed/doyle__homophonic__frequency-v1__h004__uniform__seed001.txt
Corpus SHA256: 9b0b4fba404ddbf574649b9f64c515f9f0ce35113e5d6c8401b01c39ec3d77c3
Stage: property-trajectory-analyze
Working directory: experiments/doyle__homophonic__frequency-v1__h004__uniform__seed001/workspace
Inputs:
  workdir/begin_end_candidates.yaml
  workdir/begin_end_report.md
  workdir/begin_end_top.tsv
  workdir/block_shuffle_results.yaml
  workdir/dataset/dictionary.yaml
  workdir/dataset/structural_analysis.yaml
  workdir/dataset/tokens_analysis.yaml
  workdir/distance_context_controls.tsv
  workdir/distance_context_pairs.yaml
  workdir/distance_context_report.md
  workdir/distance_context_top.tsv
  workdir/family_decomposition.yaml
  workdir/family_distance_profiles.yaml
  workdir/graphemic_structural_families.yaml
  workdir/local_regime_changes.yaml
  workdir/local_regime_controls.tsv
  workdir/local_regime_pairs.yaml
  workdir/local_regime_report.md
  workdir/local_regime_top.tsv
  workdir/local_regime_windows.tsv
  workdir/normalization_comparison.yaml
  workdir/normalized_070.txt
  workdir/normalized_075.txt
  workdir/normalized_080.txt
  workdir/normalized_085.txt
  workdir/normalized_090.txt
  workdir/occurrence_regime_profiles.yaml
  workdir/pair_controls.tsv
  workdir/pair_decomposition.yaml
  workdir/pair_decomposition_top.tsv
  workdir/plots/nonstationarity_window_js.svg
  workdir/plots/window_similarity_by_distance.svg
  workdir/sequence_analysis.yaml
  workdir/sequence_analysis_070.yaml
  workdir/sequence_analysis_075.yaml
  workdir/sequence_analysis_080.yaml
  workdir/sequence_analysis_085.yaml
  workdir/sequence_analysis_090.yaml
  workdir/sequence_context_pairs.yaml
  workdir/soft_structural_pairs.tsv
  workdir/soft_structural_space.yaml
  workdir/structural_classes.yaml
  workdir/structural_distant_families.yaml
  workdir/structural_distant_top.tsv
  workdir/structural_graphemic_close_top.tsv
  workdir/structural_graphemic_pairs.tsv
  workdir/structural_graphemic_report.md
  workdir/structural_pair_report.md
  workdir/structural_profile_stability.yaml
  workdir/structural_reliability.yaml
  workdir/structural_validation.yaml
  workdir/structural_vs_graphemic.svg
  workdir/token_regime_profiles.yaml
Outputs:
  registered in artifacts.json after completion

Property trajectories analyzed for 0 pairs; results written to workdir
elapsed runtime: 2.887s
