ExperimentID: 3d89f39493ca098ad20771f2d26cf4d222c5fd9fc0cc3cb3d13ddf52424c4942
Input mode: generic
Corpus: /home/brigadire/devops/workdir/go/voinich/data_test/transformed/doyle__homophonic__h004__weighted__seed001.txt
Corpus SHA256: 165319e63f30ae712e0cb47ffc414e333b7dd2f96ab82beedb4c70a2458b30a8
Stage: structural-normalize
Working directory: experiments/doyle__homophonic__h004__weighted__seed001.txt/workspace
Inputs:
  workdir/begin_end_candidates.yaml
  workdir/begin_end_report.md
  workdir/begin_end_top.tsv
  workdir/dataset/dictionary.yaml
  workdir/dataset/structural_analysis.yaml
  workdir/dataset/tokens_analysis.yaml
  workdir/sequence_analysis.yaml
Outputs:
  registered in artifacts.json after completion

Normalized corpus written to workdir/normalized_070.txt
Normalized corpus written to workdir/normalized_075.txt
Normalized corpus written to workdir/normalized_080.txt
Normalized corpus written to workdir/normalized_085.txt
Normalized corpus written to workdir/normalized_090.txt
Class map written to workdir/structural_classes.yaml
elapsed runtime: 1.404s
