ExperimentID: 3d89f39493ca098ad20771f2d26cf4d222c5fd9fc0cc3cb3d13ddf52424c4942
Input mode: generic
Corpus: /home/brigadire/devops/workdir/go/voinich/data_test/transformed/doyle__homophonic__h004__weighted__seed001.txt
Corpus SHA256: 165319e63f30ae712e0cb47ffc414e333b7dd2f96ab82beedb4c70a2458b30a8
Stage: structural-profile-stability
Working directory: experiments/doyle__homophonic__h004__weighted__seed001.txt/workspace
Inputs:
  workdir/begin_end_candidates.yaml
  workdir/begin_end_report.md
  workdir/begin_end_top.tsv
  workdir/dataset/dictionary.yaml
  workdir/dataset/structural_analysis.yaml
  workdir/dataset/tokens_analysis.yaml
  workdir/normalization_comparison.yaml
  workdir/normalized_070.txt
  workdir/normalized_075.txt
  workdir/normalized_080.txt
  workdir/normalized_085.txt
  workdir/normalized_090.txt
  workdir/sequence_analysis.yaml
  workdir/sequence_analysis_070.yaml
  workdir/sequence_analysis_075.yaml
  workdir/sequence_analysis_080.yaml
  workdir/sequence_analysis_085.yaml
  workdir/sequence_analysis_090.yaml
  workdir/structural_classes.yaml
  workdir/structural_validation.yaml
Outputs:
  registered in artifacts.json after completion

profiles fold 1/5: TRAIN eligible=517 TEST eligible=147
profiles fold 2/5: TRAIN eligible=514 TEST eligible=134
profiles fold 3/5: TRAIN eligible=506 TEST eligible=134
profiles fold 4/5: TRAIN eligible=525 TEST eligible=131
profiles fold 5/5: TRAIN eligible=524 TEST eligible=139
bootstrap 25/200
bootstrap 50/200
bootstrap 75/200
bootstrap 100/200
bootstrap 125/200
bootstrap 150/200
bootstrap 175/200
bootstrap 200/200
Profile stability written to workdir/structural_profile_stability.yaml
elapsed runtime: 34.167s
