ExperimentID: 3d89f39493ca098ad20771f2d26cf4d222c5fd9fc0cc3cb3d13ddf52424c4942
Input mode: generic
Corpus: /home/brigadire/devops/workdir/go/voinich/data_test/transformed/doyle__homophonic__h004__weighted__seed001.txt
Corpus SHA256: 165319e63f30ae712e0cb47ffc414e333b7dd2f96ab82beedb4c70a2458b30a8
Stage: distance-context-analyze
Working directory: experiments/doyle__homophonic__h004__weighted__seed001.txt/workspace
Inputs:
  workdir/begin_end_candidates.yaml
  workdir/begin_end_report.md
  workdir/begin_end_top.tsv
  workdir/dataset/dictionary.yaml
  workdir/dataset/structural_analysis.yaml
  workdir/dataset/tokens_analysis.yaml
  workdir/family_decomposition.yaml
  workdir/graphemic_structural_families.yaml
  workdir/normalization_comparison.yaml
  workdir/normalized_070.txt
  workdir/normalized_075.txt
  workdir/normalized_080.txt
  workdir/normalized_085.txt
  workdir/normalized_090.txt
  workdir/pair_controls.tsv
  workdir/pair_decomposition.yaml
  workdir/pair_decomposition_top.tsv
  workdir/plots/family_1.svg
  workdir/plots/family_2.svg
  workdir/plots/pair_x009436_x012697.svg
  workdir/plots/pair_x009968_x020557.svg
  workdir/plots/pair_x009969_x020557.svg
  workdir/plots/pair_x009969_x020558.svg
  workdir/plots/pair_x009970_x020556.svg
  workdir/plots/pair_x009970_x020558.svg
  workdir/plots/pair_x009971_x020556.svg
  workdir/sequence_analysis.yaml
  workdir/sequence_analysis_070.yaml
  workdir/sequence_analysis_075.yaml
  workdir/sequence_analysis_080.yaml
  workdir/sequence_analysis_085.yaml
  workdir/sequence_analysis_090.yaml
  workdir/soft_structural_pairs.tsv
  workdir/soft_structural_space.yaml
  workdir/structural_classes.yaml
  workdir/structural_distant_families.yaml
  workdir/structural_distant_top.tsv
  workdir/structural_graphemic_close_top.tsv
  workdir/structural_graphemic_pairs.tsv
  workdir/structural_graphemic_report.md
  workdir/structural_pair_report.md
  workdir/structural_profile_stability.yaml
  workdir/structural_reliability.yaml
  workdir/structural_validation.yaml
  workdir/structural_vs_graphemic.svg
Outputs:
  registered in artifacts.json after completion

Analyzed 43713 corpus tokens and 7 target pairs; reports written to workdir
