=== CP_SAT / BRANCH_AND_BOUND on fresh seeds (reduced: 2 seeds x 2 noise, 8s cap) ===
  seed=9500 noise=0.0 CP_SAT               elapsed=14.72s timed_out=True exact_recovery=0.0
  seed=9500 noise=0.0 BRANCH_AND_BOUND     elapsed=8.01s timed_out=True exact_recovery=0.0
  seed=9501 noise=0.0 CP_SAT               elapsed=19.14s timed_out=True exact_recovery=0.0
  seed=9501 noise=0.0 BRANCH_AND_BOUND     elapsed=8.14s timed_out=True exact_recovery=0.0
  seed=9502 noise=0.1 CP_SAT               elapsed=20.60s timed_out=True exact_recovery=0.0
  seed=9502 noise=0.1 BRANCH_AND_BOUND     elapsed=8.09s timed_out=True exact_recovery=0.0
  seed=9503 noise=0.1 CP_SAT               elapsed=20.71s timed_out=True exact_recovery=0.0
  seed=9503 noise=0.1 BRANCH_AND_BOUND     elapsed=8.09s timed_out=True exact_recovery=0.0
=== resource pilot (300 replicas) ===
  pilot progress: 50/300
  pilot progress: 100/300
  pilot progress: 150/300
  pilot progress: 200/300
  pilot progress: 250/300
  pilot progress: 300/300
{
  "n_pilot_runs": 300,
  "mean_runtime_sec": 1.0542,
  "stdev_runtime_sec": 0.08088,
  "min_runtime_sec": 0.96052,
  "max_runtime_sec": 1.30388,
  "p95_runtime_sec": 1.22889,
  "mean_peak_memory_kb": 335.03,
  "max_peak_memory_kb": 454.06,
  "extrapolated_60000_singlecore_hours": 17.57,
  "extrapolated_60000_16core_minutes": 65.887,
  "extrapolated_60000_16core_minutes_p95": 76.806
}
