=== E1/E2/E5: adversarial k-fragment combination benchmark ===
  k=2 BRANCH_AND_BOUND       global-optimum rate: 100%
  k=2 CP_SAT                 global-optimum rate: 100%
  k=2 DIRECTIONAL_HEURISTIC  global-optimum rate: 100%
  k=3 BRANCH_AND_BOUND       global-optimum rate: 100%
  k=3 CP_SAT                 global-optimum rate: 0%
  k=3 DIRECTIONAL_HEURISTIC  global-optimum rate: 100%
  k=4 BRANCH_AND_BOUND       global-optimum rate: 100%
  k=4 CP_SAT                 global-optimum rate: 0%
  k=4 DIRECTIONAL_HEURISTIC  global-optimum rate: 100%
  k=5 BRANCH_AND_BOUND       global-optimum rate: 100%
  k=5 CP_SAT                 global-optimum rate: 0%
  k=5 DIRECTIONAL_HEURISTIC  global-optimum rate: 100%
  k=6 BRANCH_AND_BOUND       global-optimum rate: 100%
  k=6 CP_SAT                 global-optimum rate: 0%
  k=6 DIRECTIONAL_HEURISTIC  global-optimum rate: 100%

=== E3: 100-permutation order invariance ===
  mismatches out of 100: 0

=== D2: independent bipartite matching cross-check (200 random trials) ===
  mismatches/invalid out of 400: 0

=== F: fresh sealed hidden benchmark (NEW seeds 9001+, real solver execution) ===
  T= 4 noise=0.00 exact_table_recovery=  0.0% (n=20)
  T= 4 noise=0.10 exact_table_recovery=  5.0% (n=20)
  T= 4 noise=0.25 exact_table_recovery=  0.0% (n=20)
  T= 6 noise=0.00 exact_table_recovery=  0.0% (n=20)
  T= 6 noise=0.10 exact_table_recovery=  0.0% (n=20)
  T= 6 noise=0.25 exact_table_recovery=  0.0% (n=20)
  T= 8 noise=0.00 exact_table_recovery=  0.0% (n=20)
  T= 8 noise=0.10 exact_table_recovery=  0.0% (n=20)
  T= 8 noise=0.25 exact_table_recovery=  0.0% (n=20)
  T=10 noise=0.00 exact_table_recovery=  0.0% (n=20)
  T=10 noise=0.10 exact_table_recovery=  0.0% (n=20)
  T=10 noise=0.25 exact_table_recovery=  0.0% (n=20)
  T=12 noise=0.00 exact_table_recovery=  0.0% (n=20)
  T=12 noise=0.10 exact_table_recovery=  0.0% (n=20)
  T=12 noise=0.25 exact_table_recovery=  0.0% (n=20)

=== F (cont.): CP_SAT / BRANCH_AND_BOUND on fresh seeds, table_size=8, 10 seeds ===
