ExperimentID: 08a7e68001a438b7777e8c388f00da2f9202154c4fb2298536ad460f1fe95ee7
Input mode: generic
Corpus: /home/brigadire/devops/workdir/go/voinich/data_test/transformed/doyle__homophonic__frequency-v1__h006__uniform__seed001.txt
Corpus SHA256: 4bc3c5b699cb6e433399c668b5cc49478f3c6d045128ca6c3a2bd0ce3a1423e5
Stage: structural-profile-stability
Working directory: experiments/doyle__homophonic__frequency-v1__h006__uniform__seed001/workspace
Inputs:
  workdir/begin_end_candidates.yaml
  workdir/begin_end_report.md
  workdir/begin_end_top.tsv
  workdir/dataset/dictionary.yaml
  workdir/dataset/structural_analysis.yaml
  workdir/dataset/tokens_analysis.yaml
  workdir/normalization_comparison.yaml
  workdir/normalized_070.txt
  workdir/normalized_075.txt
  workdir/normalized_080.txt
  workdir/normalized_085.txt
  workdir/normalized_090.txt
  workdir/sequence_analysis.yaml
  workdir/sequence_analysis_070.yaml
  workdir/sequence_analysis_075.yaml
  workdir/sequence_analysis_080.yaml
  workdir/sequence_analysis_085.yaml
  workdir/sequence_analysis_090.yaml
  workdir/structural_classes.yaml
  workdir/structural_validation.yaml
Outputs:
  registered in artifacts.json after completion

profiles fold 1/5: TRAIN eligible=533 TEST eligible=137
profiles fold 2/5: TRAIN eligible=530 TEST eligible=140
profiles fold 3/5: TRAIN eligible=525 TEST eligible=133
profiles fold 4/5: TRAIN eligible=524 TEST eligible=140
profiles fold 5/5: TRAIN eligible=528 TEST eligible=144
bootstrap 25/200
bootstrap 50/200
bootstrap 75/200
bootstrap 100/200
bootstrap 125/200
bootstrap 150/200
bootstrap 175/200
bootstrap 200/200
Profile stability written to workdir/structural_profile_stability.yaml
elapsed runtime: 40.93s
