ExperimentID: 08a7e68001a438b7777e8c388f00da2f9202154c4fb2298536ad460f1fe95ee7
Input mode: generic
Corpus: /home/brigadire/devops/workdir/go/voinich/data_test/transformed/doyle__homophonic__frequency-v1__h006__uniform__seed001.txt
Corpus SHA256: 4bc3c5b699cb6e433399c668b5cc49478f3c6d045128ca6c3a2bd0ce3a1423e5
Stage: structural-reliability
Working directory: experiments/doyle__homophonic__frequency-v1__h006__uniform__seed001/workspace
Inputs:
  workdir/begin_end_candidates.yaml
  workdir/begin_end_report.md
  workdir/begin_end_top.tsv
  workdir/dataset/dictionary.yaml
  workdir/dataset/structural_analysis.yaml
  workdir/dataset/tokens_analysis.yaml
  workdir/normalization_comparison.yaml
  workdir/normalized_070.txt
  workdir/normalized_075.txt
  workdir/normalized_080.txt
  workdir/normalized_085.txt
  workdir/normalized_090.txt
  workdir/sequence_analysis.yaml
  workdir/sequence_analysis_070.yaml
  workdir/sequence_analysis_075.yaml
  workdir/sequence_analysis_080.yaml
  workdir/sequence_analysis_085.yaml
  workdir/sequence_analysis_090.yaml
  workdir/structural_classes.yaml
  workdir/structural_profile_stability.yaml
  workdir/structural_validation.yaml
Outputs:
  registered in artifacts.json after completion

loaded corpus: lines=4462 occurrences=43713 unique_tokens=10285
token stability min_count=10 eligible=643
token stability min_count=20 eligible=329
token stability min_count=40 eligible=156
token stability min_count=80 eligible=74
token stability min_count=160 eligible=31
token stability min_count=320 eligible=6
structural-reliability bootstrap 25/200
structural-reliability bootstrap 50/200
structural-reliability bootstrap 75/200
structural-reliability bootstrap 100/200
structural-reliability bootstrap 125/200
structural-reliability bootstrap 150/200
structural-reliability bootstrap 175/200
structural-reliability bootstrap 200/200
master candidate pairs=5363 bootstrap runs=200
Structural reliability written to workdir/structural_reliability.yaml
elapsed runtime: 27.313s
