ExperimentID: 08a7e68001a438b7777e8c388f00da2f9202154c4fb2298536ad460f1fe95ee7
Input mode: generic
Corpus: /home/brigadire/devops/workdir/go/voinich/data_test/transformed/doyle__homophonic__frequency-v1__h006__uniform__seed001.txt
Corpus SHA256: 4bc3c5b699cb6e433399c668b5cc49478f3c6d045128ca6c3a2bd0ce3a1423e5
Stage: local-regime-analyze
Working directory: experiments/doyle__homophonic__frequency-v1__h006__uniform__seed001/workspace
Inputs:
  workdir/begin_end_candidates.yaml
  workdir/begin_end_report.md
  workdir/begin_end_top.tsv
  workdir/dataset/dictionary.yaml
  workdir/dataset/structural_analysis.yaml
  workdir/dataset/tokens_analysis.yaml
  workdir/distance_context_controls.tsv
  workdir/distance_context_pairs.yaml
  workdir/distance_context_report.md
  workdir/distance_context_top.tsv
  workdir/family_decomposition.yaml
  workdir/family_distance_profiles.yaml
  workdir/graphemic_structural_families.yaml
  workdir/normalization_comparison.yaml
  workdir/normalized_070.txt
  workdir/normalized_075.txt
  workdir/normalized_080.txt
  workdir/normalized_085.txt
  workdir/normalized_090.txt
  workdir/pair_controls.tsv
  workdir/pair_decomposition.yaml
  workdir/pair_decomposition_top.tsv
  workdir/sequence_analysis.yaml
  workdir/sequence_analysis_070.yaml
  workdir/sequence_analysis_075.yaml
  workdir/sequence_analysis_080.yaml
  workdir/sequence_analysis_085.yaml
  workdir/sequence_analysis_090.yaml
  workdir/sequence_context_pairs.yaml
  workdir/soft_structural_pairs.tsv
  workdir/soft_structural_space.yaml
  workdir/structural_classes.yaml
  workdir/structural_distant_families.yaml
  workdir/structural_distant_top.tsv
  workdir/structural_graphemic_close_top.tsv
  workdir/structural_graphemic_pairs.tsv
  workdir/structural_graphemic_report.md
  workdir/structural_pair_report.md
  workdir/structural_profile_stability.yaml
  workdir/structural_reliability.yaml
  workdir/structural_validation.yaml
  workdir/structural_vs_graphemic.svg
Outputs:
  registered in artifacts.json after completion

Local-regime analysis completed for 0 pairs; results written to workdir
elapsed runtime: 2.749s
