ExperimentID: 08a7e68001a438b7777e8c388f00da2f9202154c4fb2298536ad460f1fe95ee7
Input mode: generic
Corpus: /home/brigadire/devops/workdir/go/voinich/data_test/transformed/doyle__homophonic__frequency-v1__h006__uniform__seed001.txt
Corpus SHA256: 4bc3c5b699cb6e433399c668b5cc49478f3c6d045128ca6c3a2bd0ce3a1423e5
Stage: global-regime-analyze
Working directory: experiments/doyle__homophonic__frequency-v1__h006__uniform__seed001/workspace
Inputs:
  workdir/begin_end_candidates.yaml
  workdir/begin_end_report.md
  workdir/begin_end_top.tsv
  workdir/block_shuffle_results.yaml
  workdir/dataset/dictionary.yaml
  workdir/dataset/structural_analysis.yaml
  workdir/dataset/tokens_analysis.yaml
  workdir/distance_context_controls.tsv
  workdir/distance_context_pairs.yaml
  workdir/distance_context_report.md
  workdir/distance_context_top.tsv
  workdir/family_decomposition.yaml
  workdir/family_distance_profiles.yaml
  workdir/graphemic_structural_families.yaml
  workdir/local_regime_changes.yaml
  workdir/local_regime_controls.tsv
  workdir/local_regime_pairs.yaml
  workdir/local_regime_report.md
  workdir/local_regime_top.tsv
  workdir/local_regime_windows.tsv
  workdir/normalization_comparison.yaml
  workdir/normalized_070.txt
  workdir/normalized_075.txt
  workdir/normalized_080.txt
  workdir/normalized_085.txt
  workdir/normalized_090.txt
  workdir/occurrence_regime_profiles.yaml
  workdir/pair_controls.tsv
  workdir/pair_decomposition.yaml
  workdir/pair_decomposition_top.tsv
  workdir/plots/nonstationarity_window_js.svg
  workdir/plots/window_similarity_by_distance.svg
  workdir/projected_sequence_context.yaml
  workdir/property_trajectory_controls.tsv
  workdir/property_trajectory_pairs.yaml
  workdir/property_trajectory_properties.tsv
  workdir/property_trajectory_report.md
  workdir/property_trajectory_top.tsv
  workdir/sequence_analysis.yaml
  workdir/sequence_analysis_070.yaml
  workdir/sequence_analysis_075.yaml
  workdir/sequence_analysis_080.yaml
  workdir/sequence_analysis_085.yaml
  workdir/sequence_analysis_090.yaml
  workdir/sequence_context_pairs.yaml
  workdir/soft_structural_pairs.tsv
  workdir/soft_structural_space.yaml
  workdir/structural_classes.yaml
  workdir/structural_distant_families.yaml
  workdir/structural_distant_top.tsv
  workdir/structural_graphemic_close_top.tsv
  workdir/structural_graphemic_pairs.tsv
  workdir/structural_graphemic_report.md
  workdir/structural_pair_report.md
  workdir/structural_profile_stability.yaml
  workdir/structural_projection_controls.tsv
  workdir/structural_projection_families.yaml
  workdir/structural_projection_pairs.yaml
  workdir/structural_projection_report.md
  workdir/structural_projection_top.tsv
  workdir/structural_reliability.yaml
  workdir/structural_validation.yaml
  workdir/structural_vs_graphemic.svg
  workdir/token_regime_profiles.yaml
Outputs:
  registered in artifacts.json after completion

Global distributional regime analysis completed at 5 scales; results written to workdir
