ExperimentID: 3b637a091449c154922b6d2b7d62f2cb41d5ae143c447e1c6bf7e432b9604fdc
Input mode: generic
Corpus: /home/brigadire/devops/workdir/go/voinich/data_test/transformed/doyle__homophonic__frequency-v1__h008__uniform__seed001.txt
Corpus SHA256: 8a27e48af6f49cb88d37ed4425e06d28d8b17c0652e299d15e677a7f3227ac3d
Stage: structural-normalize
Working directory: experiments/doyle__homophonic__frequency-v1__h008__uniform__seed001/workspace
Inputs:
  workdir/begin_end_candidates.yaml
  workdir/begin_end_report.md
  workdir/begin_end_top.tsv
  workdir/dataset/dictionary.yaml
  workdir/dataset/structural_analysis.yaml
  workdir/dataset/tokens_analysis.yaml
  workdir/sequence_analysis.yaml
Outputs:
  registered in artifacts.json after completion

Normalized corpus written to workdir/normalized_070.txt
Normalized corpus written to workdir/normalized_075.txt
Normalized corpus written to workdir/normalized_080.txt
Normalized corpus written to workdir/normalized_085.txt
Normalized corpus written to workdir/normalized_090.txt
Class map written to workdir/structural_classes.yaml
elapsed runtime: 1.853s
