ExperimentID: 3b637a091449c154922b6d2b7d62f2cb41d5ae143c447e1c6bf7e432b9604fdc
Input mode: generic
Corpus: /home/brigadire/devops/workdir/go/voinich/data_test/transformed/doyle__homophonic__frequency-v1__h008__uniform__seed001.txt
Corpus SHA256: 8a27e48af6f49cb88d37ed4425e06d28d8b17c0652e299d15e677a7f3227ac3d
Stage: structural-pair-decompose
Working directory: experiments/doyle__homophonic__frequency-v1__h008__uniform__seed001/workspace
Inputs:
  workdir/begin_end_candidates.yaml
  workdir/begin_end_report.md
  workdir/begin_end_top.tsv
  workdir/dataset/dictionary.yaml
  workdir/dataset/structural_analysis.yaml
  workdir/dataset/tokens_analysis.yaml
  workdir/graphemic_structural_families.yaml
  workdir/normalization_comparison.yaml
  workdir/normalized_070.txt
  workdir/normalized_075.txt
  workdir/normalized_080.txt
  workdir/normalized_085.txt
  workdir/normalized_090.txt
  workdir/sequence_analysis.yaml
  workdir/sequence_analysis_070.yaml
  workdir/sequence_analysis_075.yaml
  workdir/sequence_analysis_080.yaml
  workdir/sequence_analysis_085.yaml
  workdir/sequence_analysis_090.yaml
  workdir/soft_structural_pairs.tsv
  workdir/soft_structural_space.yaml
  workdir/structural_classes.yaml
  workdir/structural_distant_families.yaml
  workdir/structural_distant_top.tsv
  workdir/structural_graphemic_close_top.tsv
  workdir/structural_graphemic_pairs.tsv
  workdir/structural_graphemic_report.md
  workdir/structural_profile_stability.yaml
  workdir/structural_reliability.yaml
  workdir/structural_validation.yaml
  workdir/structural_vs_graphemic.svg
Outputs:
  registered in artifacts.json after completion

structural cardinality: target_pairs=0 estimated_decompositions=0 family_count=0 largest_family_tokens=0 largest_family_edges=0 total_family_edges=0
Decomposed 0 pairs and 0 families into workdir
